// Jest Snapshot v1, https://goo.gl/fbAQLP

exports[`<Pagination /> Shoulds render. 1`] = `ReactWrapper {}`;
