// Jest Snapshot v1, https://goo.gl/fbAQLP

exports[`<SearchBar /> Shoulds render. 1`] = `ReactWrapper {}`;
